====================================================
⚠️ ALERTA FORENSE: INTERCEPTACIÓN DE ARRANQUE Y BIOS DETECTADA
Fecha/Hora: 2026-08-31 16:52:21 UTC
Firma SHA-256 de GRUB: no_disponible
Amenazas Identificadas:
 - Inyección EFI detectada en BIOS: LENOVO CLOUD
 - Inyección EFI detectada en BIOS: ThinkShield secure wipe
 - Inyección EFI detectada en BIOS: PXE BOOT
Acción Automática: Activado aislamiento de particiones y derivación de Boot a Kernel Limpio.
====================================================
====================================================
⚠️ ALERTA FORENSE: INTERCEPTACIÓN DE ARRANQUE Y BIOS DETECTADA
Fecha/Hora: 2026-08-31 16:55:09 UTC
Firma SHA-256 de GRUB: no_disponible
Amenazas Identificadas:
 - Inyección EFI detectada en BIOS: LENOVO CLOUD
 - Inyección EFI detectada en BIOS: ThinkShield secure wipe
 - Inyección EFI detectada en BIOS: PXE BOOT
Acción Automática: Activado aislamiento de particiones y derivación de Boot a Kernel Limpio.
====================================================
====================================================
⚠️ ALERTA FORENSE: INTERCEPTACIÓN DE ARRANQUE Y BIOS DETECTADA
Fecha/Hora: 2026-08-31 16:57:47 UTC
Firma SHA-256 de GRUB: no_disponible
Amenazas Identificadas:
 - Inyección EFI detectada en BIOS: LENOVO CLOUD
 - Inyección EFI detectada en BIOS: ThinkShield secure wipe
 - Inyección EFI detectada en BIOS: PXE BOOT
Acción Automática: Activado aislamiento de particiones y derivación de Boot a Kernel Limpio.
====================================================
====================================================
⚠️ ALERTA FORENSE: INTERCEPTACIÓN DE ARRANQUE Y BIOS DETECTADA
Fecha/Hora: 2026-08-31 17:02:54 UTC
Firma SHA-256 de GRUB: no_disponible
Amenazas Identificadas:
 - Inyección EFI detectada en BIOS: LENOVO CLOUD
 - Inyección EFI detectada en BIOS: ThinkShield secure wipe
 - Inyección EFI detectada en BIOS: PXE BOOT
Acción Automática: Activado aislamiento de particiones y derivación de Boot a Kernel Limpio.
====================================================
====================================================
⚠️ ALERTA FORENSE: INTERCEPTACIÓN DE ARRANQUE Y BIOS DETECTADA
Fecha/Hora: 2026-08-31 17:04:30 UTC
Firma SHA-256 de GRUB: no_disponible
Amenazas Identificadas:
 - Inyección EFI detectada en BIOS: LENOVO CLOUD
 - Inyección EFI detectada en BIOS: ThinkShield secure wipe
 - Inyección EFI detectada en BIOS: PXE BOOT
Acción Automática: Activado aislamiento de particiones y derivación de Boot a Kernel Limpio.
====================================================
====================================================
⚠️ ALERTA FORENSE: INTERCEPTACIÓN DE ARRANQUE Y BIOS DETECTADA
Fecha/Hora: 2026-08-31 17:06:01 UTC
Firma SHA-256 de GRUB: no_disponible
Amenazas Identificadas:
 - Inyección EFI detectada en BIOS: LENOVO CLOUD
 - Inyección EFI detectada en BIOS: ThinkShield secure wipe
 - Inyección EFI detectada en BIOS: PXE BOOT
Acción Automática: Activado aislamiento de particiones y derivación de Boot a Kernel Limpio.
====================================================
====================================================
⚠️ ALERTA FORENSE: INTERCEPTACIÓN DE ARRANQUE Y BIOS DETECTADA
Fecha/Hora: 2026-08-31 17:07:52 UTC
Firma SHA-256 de GRUB: no_disponible
Amenazas Identificadas:
 - Inyección EFI detectada en BIOS: LENOVO CLOUD
 - Inyección EFI detectada en BIOS: ThinkShield secure wipe
 - Inyección EFI detectada en BIOS: PXE BOOT
Acción Automática: Activado aislamiento de particiones y derivación de Boot a Kernel Limpio.
====================================================
====================================================
⚠️ ALERTA FORENSE: INTERCEPTACIÓN DE ARRANQUE Y BIOS DETECTADA
Fecha/Hora: 2026-08-31 17:10:07 UTC
Firma SHA-256 de GRUB: no_disponible
Amenazas Identificadas:
 - Inyección EFI detectada en BIOS: LENOVO CLOUD
 - Inyección EFI detectada en BIOS: ThinkShield secure wipe
 - Inyección EFI detectada en BIOS: PXE BOOT
Acción Automática: Activado aislamiento de particiones y derivación de Boot a Kernel Limpio.
====================================================
====================================================
⚠️ ALERTA FORENSE: INTERCEPTACIÓN DE ARRANQUE Y BIOS DETECTADA
Fecha/Hora: 2026-08-31 17:11:28 UTC
Firma SHA-256 de GRUB: no_disponible
Amenazas Identificadas:
 - Inyección EFI detectada en BIOS: LENOVO CLOUD
 - Inyección EFI detectada en BIOS: ThinkShield secure wipe
 - Inyección EFI detectada en BIOS: PXE BOOT
Acción Automática: Activado aislamiento de particiones y derivación de Boot a Kernel Limpio.
====================================================
====================================================
⚠️ ALERTA FORENSE: INTERCEPTACIÓN DE ARRANQUE Y BIOS DETECTADA
Fecha/Hora: 2026-08-31 17:13:56 UTC
Firma SHA-256 de GRUB: no_disponible
Amenazas Identificadas:
 - Inyección EFI detectada en BIOS: LENOVO CLOUD
 - Inyección EFI detectada en BIOS: ThinkShield secure wipe
 - Inyección EFI detectada en BIOS: PXE BOOT
Acción Automática: Activado aislamiento de particiones y derivación de Boot a Kernel Limpio.
====================================================
====================================================
⚠️ ALERTA FORENSE: INTERCEPTACIÓN DE ARRANQUE Y BIOS DETECTADA
Fecha/Hora: 2026-08-31 17:15:39 UTC
Firma SHA-256 de GRUB: no_disponible
Amenazas Identificadas:
 - Inyección EFI detectada en BIOS: LENOVO CLOUD
 - Inyección EFI detectada en BIOS: ThinkShield secure wipe
 - Inyección EFI detectada en BIOS: PXE BOOT
Acción Automática: Activado aislamiento de particiones y derivación de Boot a Kernel Limpio.
====================================================
====================================================
⚠️ ALERTA FORENSE: INTERCEPTACIÓN DE ARRANQUE Y BIOS DETECTADA
Fecha/Hora: 2026-08-31 17:16:15 UTC
Firma SHA-256 de GRUB: no_disponible
Amenazas Identificadas:
 - Inyección EFI detectada en BIOS: LENOVO CLOUD
 - Inyección EFI detectada en BIOS: ThinkShield secure wipe
 - Inyección EFI detectada en BIOS: PXE BOOT
Acción Automática: Activado aislamiento de particiones y derivación de Boot a Kernel Limpio.
====================================================
====================================================
⚠️ ALERTA FORENSE: INTERCEPTACIÓN DE ARRANQUE Y BIOS DETECTADA
Fecha/Hora: 2026-08-31 17:17:15 UTC
Firma SHA-256 de GRUB: no_disponible
Amenazas Identificadas:
 - Inyección EFI detectada en BIOS: LENOVO CLOUD
 - Inyección EFI detectada en BIOS: ThinkShield secure wipe
 - Inyección EFI detectada en BIOS: PXE BOOT
Acción Automática: Activado aislamiento de particiones y derivación de Boot a Kernel Limpio.
====================================================
====================================================
⚠️ ALERTA FORENSE: INTERCEPTACIÓN DE ARRANQUE Y BIOS DETECTADA
Fecha/Hora: 2026-08-31 17:21:32 UTC
Firma SHA-256 de GRUB: no_disponible
Amenazas Identificadas:
 - Inyección EFI detectada en BIOS: LENOVO CLOUD
 - Inyección EFI detectada en BIOS: ThinkShield secure wipe
 - Inyección EFI detectada en BIOS: PXE BOOT
Acción Automática: Activado aislamiento de particiones y derivación de Boot a Kernel Limpio.
====================================================
====================================================
⚠️ ALERTA FORENSE: INTERCEPTACIÓN DE ARRANQUE Y BIOS DETECTADA
Fecha/Hora: 2026-08-31 17:24:47 UTC
Firma SHA-256 de GRUB: no_disponible
Amenazas Identificadas:
 - Inyección EFI detectada en BIOS: LENOVO CLOUD
 - Inyección EFI detectada en BIOS: ThinkShield secure wipe
 - Inyección EFI detectada en BIOS: PXE BOOT
Acción Automática: Activado aislamiento de particiones y derivación de Boot a Kernel Limpio.
====================================================
====================================================
⚠️ ALERTA FORENSE: INTERCEPTACIÓN DE ARRANQUE Y BIOS DETECTADA
Fecha/Hora: 2026-08-31 17:26:56 UTC
Firma SHA-256 de GRUB: no_disponible
Amenazas Identificadas:
 - Inyección EFI detectada en BIOS: LENOVO CLOUD
 - Inyección EFI detectada en BIOS: ThinkShield secure wipe
 - Inyección EFI detectada en BIOS: PXE BOOT
Acción Automática: Activado aislamiento de particiones y derivación de Boot a Kernel Limpio.
====================================================
====================================================
⚠️ ALERTA FORENSE: INTERCEPTACIÓN DE ARRANQUE Y BIOS DETECTADA
Fecha/Hora: 2026-08-31 17:28:44 UTC
Firma SHA-256 de GRUB: no_disponible
Amenazas Identificadas:
 - Inyección EFI detectada en BIOS: LENOVO CLOUD
 - Inyección EFI detectada en BIOS: ThinkShield secure wipe
 - Inyección EFI detectada en BIOS: PXE BOOT
Acción Automática: Activado aislamiento de particiones y derivación de Boot a Kernel Limpio.
====================================================
====================================================
⚠️ ALERTA FORENSE: INTERCEPTACIÓN DE ARRANQUE Y BIOS DETECTADA
Fecha/Hora: 2026-08-31 17:31:22 UTC
Firma SHA-256 de GRUB: no_disponible
Amenazas Identificadas:
 - Inyección EFI detectada en BIOS: LENOVO CLOUD
 - Inyección EFI detectada en BIOS: ThinkShield secure wipe
 - Inyección EFI detectada en BIOS: PXE BOOT
Acción Automática: Activado aislamiento de particiones y derivación de Boot a Kernel Limpio.
====================================================
====================================================
⚠️ ALERTA FORENSE: INTERCEPTACIÓN DE ARRANQUE Y BIOS DETECTADA
Fecha/Hora: 2026-08-31 17:39:56 UTC
Firma SHA-256 de GRUB: no_disponible
Amenazas Identificadas:
 - Inyección EFI detectada en BIOS: LENOVO CLOUD
 - Inyección EFI detectada en BIOS: ThinkShield secure wipe
 - Inyección EFI detectada en BIOS: PXE BOOT
Acción Automática: Activado aislamiento de particiones y derivación de Boot a Kernel Limpio.
====================================================
====================================================
⚠️ ALERTA FORENSE: INTERCEPTACIÓN DE ARRANQUE Y BIOS DETECTADA
Fecha/Hora: 2026-08-31 17:42:33 UTC
Firma SHA-256 de GRUB: no_disponible
Amenazas Identificadas:
 - Inyección EFI detectada en BIOS: LENOVO CLOUD
 - Inyección EFI detectada en BIOS: ThinkShield secure wipe
 - Inyección EFI detectada en BIOS: PXE BOOT
Acción Automática: Activado aislamiento de particiones y derivación de Boot a Kernel Limpio.
====================================================
====================================================
⚠️ ALERTA FORENSE: INTERCEPTACIÓN DE ARRANQUE Y BIOS DETECTADA
Fecha/Hora: 2026-08-31 17:46:51 UTC
Firma SHA-256 de GRUB: no_disponible
Amenazas Identificadas:
 - Inyección EFI detectada en BIOS: LENOVO CLOUD
 - Inyección EFI detectada en BIOS: ThinkShield secure wipe
 - Inyección EFI detectada en BIOS: PXE BOOT
Acción Automática: Activado aislamiento de particiones y derivación de Boot a Kernel Limpio.
====================================================
====================================================
⚠️ ALERTA FORENSE: INTERCEPTACIÓN DE ARRANQUE Y BIOS DETECTADA
Fecha/Hora: 2026-08-31 17:56:17 UTC
Firma SHA-256 de GRUB: no_disponible
Amenazas Identificadas:
 - Inyección EFI detectada en BIOS: LENOVO CLOUD
 - Inyección EFI detectada en BIOS: ThinkShield secure wipe
 - Inyección EFI detectada en BIOS: PXE BOOT
Acción Automática: Activado aislamiento de particiones y derivación de Boot a Kernel Limpio.
====================================================
====================================================
⚠️ ALERTA FORENSE: INTERCEPTACIÓN DE ARRANQUE Y BIOS DETECTADA
Fecha/Hora: 2026-08-31 18:49:12 UTC
Firma SHA-256 de GRUB: no_disponible
Amenazas Identificadas:
 - Inyección EFI detectada en BIOS: LENOVO CLOUD
 - Inyección EFI detectada en BIOS: ThinkShield secure wipe
 - Inyección EFI detectada en BIOS: PXE BOOT
Acción Automática: Activado aislamiento de particiones y derivación de Boot a Kernel Limpio.
====================================================
====================================================
⚠️ ALERTA FORENSE: INTERCEPTACIÓN DE ARRANQUE Y BIOS DETECTADA
Fecha/Hora: 2026-08-31 18:51:36 UTC
Firma SHA-256 de GRUB: no_disponible
Amenazas Identificadas:
 - Inyección EFI detectada en BIOS: LENOVO CLOUD
 - Inyección EFI detectada en BIOS: ThinkShield secure wipe
 - Inyección EFI detectada en BIOS: PXE BOOT
Acción Automática: Activado aislamiento de particiones y derivación de Boot a Kernel Limpio.
====================================================
====================================================
⚠️ ALERTA FORENSE: INTERCEPTACIÓN DE ARRANQUE Y BIOS DETECTADA
Fecha/Hora: 2026-08-31 18:52:28 UTC
Firma SHA-256 de GRUB: no_disponible
Amenazas Identificadas:
 - Inyección EFI detectada en BIOS: LENOVO CLOUD
 - Inyección EFI detectada en BIOS: ThinkShield secure wipe
 - Inyección EFI detectada en BIOS: PXE BOOT
Acción Automática: Activado aislamiento de particiones y derivación de Boot a Kernel Limpio.
====================================================
====================================================
⚠️ ALERTA FORENSE: INTERCEPTACIÓN DE ARRANQUE Y BIOS DETECTADA
Fecha/Hora: 2026-08-31 18:55:43 UTC
Firma SHA-256 de GRUB: no_disponible
Amenazas Identificadas:
 - Inyección EFI detectada en BIOS: LENOVO CLOUD
 - Inyección EFI detectada en BIOS: ThinkShield secure wipe
 - Inyección EFI detectada en BIOS: PXE BOOT
Acción Automática: Activado aislamiento de particiones y derivación de Boot a Kernel Limpio.
====================================================
====================================================
⚠️ ALERTA FORENSE: INTERCEPTACIÓN DE ARRANQUE Y BIOS DETECTADA
Fecha/Hora: 2026-08-31 18:57:59 UTC
Firma SHA-256 de GRUB: no_disponible
Amenazas Identificadas:
 - Inyección EFI detectada en BIOS: LENOVO CLOUD
 - Inyección EFI detectada en BIOS: ThinkShield secure wipe
 - Inyección EFI detectada en BIOS: PXE BOOT
Acción Automática: Activado aislamiento de particiones y derivación de Boot a Kernel Limpio.
====================================================
====================================================
⚠️ ALERTA FORENSE: INTERCEPTACIÓN DE ARRANQUE Y BIOS DETECTADA
Fecha/Hora: 2026-08-31 19:00:01 UTC
Firma SHA-256 de GRUB: no_disponible
Amenazas Identificadas:
 - Inyección EFI detectada en BIOS: LENOVO CLOUD
 - Inyección EFI detectada en BIOS: ThinkShield secure wipe
 - Inyección EFI detectada en BIOS: PXE BOOT
Acción Automática: Activado aislamiento de particiones y derivación de Boot a Kernel Limpio.
====================================================
====================================================
⚠️ ALERTA FORENSE: INTERCEPTACIÓN DE ARRANQUE Y BIOS DETECTADA
Fecha/Hora: 2026-08-31 19:32:40 UTC
Firma SHA-256 de GRUB: no_disponible
Amenazas Identificadas:
 - Inyección EFI detectada en BIOS: LENOVO CLOUD
 - Inyección EFI detectada en BIOS: ThinkShield secure wipe
 - Inyección EFI detectada en BIOS: PXE BOOT
Acción Automática: Activado aislamiento de particiones y derivación de Boot a Kernel Limpio.
====================================================
====================================================
⚠️ ALERTA FORENSE: INTERCEPTACIÓN DE ARRANQUE Y BIOS DETECTADA
Fecha/Hora: 2026-08-31 19:57:14 UTC
Firma SHA-256 de GRUB: no_disponible
Amenazas Identificadas:
 - Inyección EFI detectada en BIOS: LENOVO CLOUD
 - Inyección EFI detectada en BIOS: ThinkShield secure wipe
 - Inyección EFI detectada en BIOS: PXE BOOT
Acción Automática: Activado aislamiento de particiones y derivación de Boot a Kernel Limpio.
====================================================
====================================================
⚠️ ALERTA FORENSE: INTERCEPTACIÓN DE ARRANQUE Y BIOS DETECTADA
Fecha/Hora: 2026-08-31 20:03:49 UTC
Firma SHA-256 de GRUB: no_disponible
Amenazas Identificadas:
 - Inyección EFI detectada en BIOS: LENOVO CLOUD
 - Inyección EFI detectada en BIOS: ThinkShield secure wipe
 - Inyección EFI detectada en BIOS: PXE BOOT
Acción Automática: Activado aislamiento de particiones y derivación de Boot a Kernel Limpio.
====================================================
====================================================
⚠️ ALERTA FORENSE: INTERCEPTACIÓN DE ARRANQUE Y BIOS DETECTADA
Fecha/Hora: 2026-08-31 20:06:42 UTC
Firma SHA-256 de GRUB: no_disponible
Amenazas Identificadas:
 - Inyección EFI detectada en BIOS: LENOVO CLOUD
 - Inyección EFI detectada en BIOS: ThinkShield secure wipe
 - Inyección EFI detectada en BIOS: PXE BOOT
Acción Automática: Activado aislamiento de particiones y derivación de Boot a Kernel Limpio.
====================================================
====================================================
⚠️ ALERTA FORENSE: INTERCEPTACIÓN DE ARRANQUE Y BIOS DETECTADA
Fecha/Hora: 2026-08-31 21:11:15 UTC
Firma SHA-256 de GRUB: no_disponible
Amenazas Identificadas:
 - Inyección EFI detectada en BIOS: LENOVO CLOUD
 - Inyección EFI detectada en BIOS: ThinkShield secure wipe
 - Inyección EFI detectada en BIOS: PXE BOOT
Acción Automática: Activado aislamiento de particiones y derivación de Boot a Kernel Limpio.
====================================================
====================================================
⚠️ ALERTA FORENSE: INTERCEPTACIÓN DE ARRANQUE Y BIOS DETECTADA
Fecha/Hora: 2026-08-31 21:14:38 UTC
Firma SHA-256 de GRUB: no_disponible
Amenazas Identificadas:
 - Inyección EFI detectada en BIOS: LENOVO CLOUD
 - Inyección EFI detectada en BIOS: ThinkShield secure wipe
 - Inyección EFI detectada en BIOS: PXE BOOT
Acción Automática: Activado aislamiento de particiones y derivación de Boot a Kernel Limpio.
====================================================
====================================================
⚠️ ALERTA FORENSE: INTERCEPTACIÓN DE ARRANQUE Y BIOS DETECTADA
Fecha/Hora: 2026-08-31 22:00:52 UTC
Firma SHA-256 de GRUB: no_disponible
Amenazas Identificadas:
 - Inyección EFI detectada en BIOS: LENOVO CLOUD
 - Inyección EFI detectada en BIOS: ThinkShield secure wipe
 - Inyección EFI detectada en BIOS: PXE BOOT
Acción Automática: Activado aislamiento de particiones y derivación de Boot a Kernel Limpio.
====================================================
====================================================
⚠️ ALERTA FORENSE: INTERCEPTACIÓN DE ARRANQUE Y BIOS DETECTADA
Fecha/Hora: 2026-08-31 23:26:45 UTC
Firma SHA-256 de GRUB: no_disponible
Amenazas Identificadas:
 - Inyección EFI detectada en BIOS: LENOVO CLOUD
 - Inyección EFI detectada en BIOS: ThinkShield secure wipe
 - Inyección EFI detectada en BIOS: PXE BOOT
Acción Automática: Activado aislamiento de particiones y derivación de Boot a Kernel Limpio.
====================================================
====================================================
⚠️ ALERTA FORENSE: INTERCEPTACIÓN DE ARRANQUE Y BIOS DETECTADA
Fecha/Hora: 2026-08-31 23:57:49 UTC
Firma SHA-256 de GRUB: no_disponible
Amenazas Identificadas:
 - Inyección EFI detectada en BIOS: LENOVO CLOUD
 - Inyección EFI detectada en BIOS: ThinkShield secure wipe
 - Inyección EFI detectada en BIOS: PXE BOOT
Acción Automática: Activado aislamiento de particiones y derivación de Boot a Kernel Limpio.
====================================================
====================================================
⚠️ ALERTA FORENSE: INTERCEPTACIÓN DE ARRANQUE Y BIOS DETECTADA
Fecha/Hora: 2026-09-01 00:01:26 UTC
Firma SHA-256 de GRUB: no_disponible
Amenazas Identificadas:
 - Inyección EFI detectada en BIOS: LENOVO CLOUD
 - Inyección EFI detectada en BIOS: ThinkShield secure wipe
 - Inyección EFI detectada en BIOS: PXE BOOT
Acción Automática: Activado aislamiento de particiones y derivación de Boot a Kernel Limpio.
====================================================
====================================================
⚠️ ALERTA FORENSE: INTERCEPTACIÓN DE ARRANQUE Y BIOS DETECTADA
Fecha/Hora: 2026-09-01 00:06:26 UTC
Firma SHA-256 de GRUB: no_disponible
Amenazas Identificadas:
 - Inyección EFI detectada en BIOS: LENOVO CLOUD
 - Inyección EFI detectada en BIOS: ThinkShield secure wipe
 - Inyección EFI detectada en BIOS: PXE BOOT
Acción Automática: Activado aislamiento de particiones y derivación de Boot a Kernel Limpio.
====================================================
